// Jest Snapshot v1, https://goo.gl/fbAQLP

exports[`App component Renders App component 1`] = `
<Fragment>
  <h1>
    Products Search
  </h1>
  <div
    className="input-container"
  >
    <input
      onChange={[Function]}
      placeholder="Search for products..."
      type="text"
    />
  </div>
</Fragment>
`;
